// Jest Snapshot v1, https://goo.gl/fbAQLP

exports[`css Complex styles 1`] = `
".css-12483742431659, [data-css-12483742431659] {
  font-weight: bold;
}
.css-16140790311946, [data-css-16140790311946] {
  color: papayawhip;
  width: 350px;
  border: 1px solid mediumaquamarine;
  height: 150px;
  font-weight: bold;
  border-radius: 50%;
}
.css-16140790311946:hover, [data-css-16140790311946]:hover {
  color: orchid;
  background: yellow;
}
@media (min-width: 800px) {
  .css-16140790311946 {
    background: peachpuff;
  }
}"
`;

exports[`css Keyframes work without collision 1`] = `
"@keyframes css-keyframes-fade-0 {
  from {
    opacity: 0;
  }
  to {
    opacity: 1;
  }
}
@keyframes css-keyframes-fade-1 {
  from {
    opacity: 0;
  }
  to {
    opacity: 1;
  }
}
@keyframes css-keyframes-animation-2 {
  from {
    opacity: 0;
  }
  to {
    opacity: 1;
  }
}
@keyframes css-keyframes-animation-3 {
  from {
    opacity: 0;
  }
  to {
    opacity: 1;
  }
}"
`;

exports[`css Multiple styles 1`] = `
Array [
  "data-css-7696658414362",
  "data-css-15533376699467",
]
`;

exports[`css Nested functional styles 3`] = `
".css-2084834786935, [data-css-2084834786935] {
  color: gray;
  position: relative;
}
.css-2084834786935:before, [data-css-2084834786935]:before {
  top: 0;
  content: \\"\\";
  position: absolute;
}
.css-2084834786935:hover, [data-css-2084834786935]:hover {
  color: peachpuff;
}
.css-2084834786935:hover:before, [data-css-2084834786935]:hover:before {
  top: 10px;
}
.css-3275816868020, [data-css-3275816868020] {
  color: peachpuff;
  position: relative;
}
.css-3275816868020:before, [data-css-3275816868020]:before {
  top: 10px;
  content: \\"\\";
  position: absolute;
}
.css-3275816868020:hover, [data-css-3275816868020]:hover {
  color: peachpuff;
}
.css-3275816868020:hover:before, [data-css-3275816868020]:hover:before {
  top: 10px;
}
.css-10007073420595, [data-css-10007073420595] {
  color: gray;
  position: relative;
}
.css-10007073420595:before, [data-css-10007073420595]:before {
  top: 0;
  content: \\"\\";
  position: absolute;
}
.css-8455158449034, [data-css-8455158449034] {
  color: gray;
  position: relative;
}
.css-8455158449034:before, [data-css-8455158449034]:before {
  top: 0;
  content: \\"\\";
  position: absolute;
}"
`;

exports[`css Overwrite styles 1`] = `
".css-1113385277541, [data-css-1113385277541] {
  color: mediumaquamarine;
}
.css-7242087029549, [data-css-7242087029549] {
  color: lightcoral;
}
.css-14164733049051, [data-css-14164733049051] {
  color: thistle;
}
.css-13164275224355, [data-css-13164275224355] {
  color: thistle;
}"
`;
