// Jest Snapshot v1, https://goo.gl/fbAQLP

exports[`css Complex styles 1`] = `
".css-117948663, [data-css-117948663] {
  font-weight: bold;
}
.css-290847276, [data-css-290847276] {
  color: papayawhip;
  width: 350px;
  height: 150px;
  border: 1px solid mediumaquamarine;
  font-weight: bold;
  border-radius: 50%;
}
.css-290847276:hover, [data-css-290847276]:hover {
  color: orchid;
}
@media (min-width: 800px) {
  .css-290847276, [data-css-290847276] {
    background: peachpuff;
  }
}"
`;

exports[`css Falsy values 1`] = `
".css-3818422616:after, [data-css-3818422616]:after {
  height: 100px;
}"
`;

exports[`css Keyframes work without collision 1`] = `
"@keyframes fade-0 {
  from {
    opacity: 0;
  }
  to {
    opacity: 1;
  }
}
@keyframes fade-1 {
  from {
    opacity: 0;
  }
  to {
    opacity: 1;
  }
}
@keyframes animation-2 {
  from {
    opacity: 0;
  }
  to {
    opacity: 1;
  }
}
@keyframes animation-3 {
  from {
    opacity: 0;
  }
  to {
    opacity: 1;
  }
}"
`;

exports[`css Multiple styles 1`] = `
Array [
  "data-css-1805436552",
  "data-css-3558729173",
]
`;

exports[`css Nested functional styles 1`] = `
".css-16566771, [data-css-16566771] {
  color: gray;
  position: relative;
}
.css-16566771:before, [data-css-16566771]:before {
  top: 0;
  content: \\"\\";
  position: absolute;
}
.css-16566771:hover, [data-css-16566771]:hover {
  color: peachpuff;
}
.css-16566771:hover:before, [data-css-16566771]:hover:before {
  top: 10px;
}
.css-792391987, [data-css-792391987] {
  color: peachpuff;
  position: relative;
}
.css-792391987:before, [data-css-792391987]:before {
  top: 10px;
  content: \\"\\";
  position: absolute;
}
.css-792391987:hover, [data-css-792391987]:hover {
  color: peachpuff;
}
.css-792391987:hover:before, [data-css-792391987]:hover:before {
  top: 10px;
}
.css-3593345686, [data-css-3593345686] {
  color: gray;
  position: relative;
}
.css-3593345686:before, [data-css-3593345686]:before {
  top: 0;
  content: \\"\\";
  position: absolute;
}
.css-2598794915, [data-css-2598794915] {
  color: gray;
  position: relative;
}
.css-2598794915:before, [data-css-2598794915]:before {
  top: 0;
  content: \\"\\";
  position: absolute;
}"
`;

exports[`css Overwrite styles 1`] = `
".css-495221563, [data-css-495221563] {
  color: mediumaquamarine;
}
.css-1582468799, [data-css-1582468799] {
  color: lightcoral;
}
.css-3896084115, [data-css-3896084115] {
  color: thistle;
}
.css-99195687, [data-css-99195687] {
  color: thistle;
}"
`;

exports[`css Simple styles 1`] = `
".css-40020888, [data-css-40020888] {
  width: 100px;
  height: 100px;
}"
`;
